쿠버네티스(k8) 설치 및 클러스터 구성 (VMware)

0. 시스템 최소 사양
Master Node: CPU 2core, RAM 1G
Workder Node: CPU 1core, RAM 1G

0.1 도커 설치
#mario@k8s:~$ sudo apt-get update  // 최신 패키지를 받기 위해 업데이트를 해준다.
[sudo] password for mario:
Hit:1 http://kr.archive.ubuntu.com/ubuntu bionic InRelease
Hit:2 http://kr.archive.ubuntu.com/ubuntu bionic-updates InRelease
Hit:3 http://kr.archive.ubuntu.com/ubuntu bionic-backports InRelease
Hit:4 http://kr.archive.ubuntu.com/ubuntu bionic-security InRelease
Reading package lists... Done

#mario@k8s:~$ sudo apt-get install -y apt-transport-https ca-certificates curl software-properties-common
Reading package lists... Done
Building dependency tree
Reading state information... Done
                                        .
										.
								     (이하 생략)
									 
mario@k8s:~$ sudo curl -fsSL https://download.docker.com/linux/ubuntu/gpg | apt-key add -	// 권한 문제에 대한 문제가 발생했다.
E: This command can only be used by root.
(23) Failed writing body									 

mario@k8s:~$ sudo su - // root 권한으로 접속해서 권한을 얻어 실행했더니 정상적으로 실행되었다. (이전엔 다른 방법으로 함)
root@k8s:~# curl -fsSL https://download.docker.com/linux/ubuntu/gpg | apt-key add -
OK
									
root@k8s:~# add-apt-repository "deb https://download.docker.com/linux/$(. /etc/os-release; echo "$ID") $(lsb_release -cs) stable"
Get:1 https://download.docker.com/linux/ubuntu bionic InRelease [64.4 kB]
Get:2 https://download.docker.com/linux/ubuntu bionic/stable amd64 Packages [9,852 B]
Hit:3 http://kr.archive.ubuntu.com/ubuntu bionic InRelease
Get:4 http://kr.archive.ubuntu.com/ubuntu bionic-updates InRelease [88.7 kB]					
										.
										.
								     (이하 생략)
									 
root@k8s:~# apt-get updat
root@k8s:~# apt-get install docker-ce	// 도커 설치
Reading package lists... Done
Building dependency tree
Reading state information... Done
The following additional packages will be installed:
  aufs-tools cgroupfs-mount containerd.io docker-ce-cli libltdl7 pigz
The following NEW packages will be installed:
  aufs-tools cgroupfs-mount containerd.io docker-ce docker-ce-cli libltdl7
  pigz
0 upgraded, 7 newly installed, 0 to remove and 51 not upgraded.
Need to get 85.5 MB of archives.
After this operation, 384 MB of additional disk space will be used.
Do you want to continue? [Y/n] Y
Get:1 https://download.docker.com/linux/ubuntu bionic/stable amd64 containerd.io amd64 1.2.10-3 [20.0 MB]
Get:2 http://kr.archive.ubuntu.com/ubuntu bionic/universe amd64 pigz amd64 2.4-1 [57.4 kB]									
										.
										.
									 (이하 생략)

root@k8s:~# docker version  					// 이 명령을 수행했을 때, Client 와 Server가 나오면 정상적인 Docker 설치가 되었고 사용할 준비를 마쳤다.
Client: Docker Engine - Community
 Version:           19.03.5
 API version:       1.40
 Go version:        go1.12.12
 Git commit:        633a0ea838
 Built:             Wed Nov 13 07:29:52 2019
 OS/Arch:           linux/amd64
 Experimental:      false

Server: Docker Engine - Community
 Engine:
  Version:          19.03.5
  API version:      1.40 (minimum version 1.12)
  Go version:       go1.12.12
  Git commit:       633a0ea838
  Built:            Wed Nov 13 07:28:22 2019
  OS/Arch:          linux/amd64
  Experimental:     false
 containerd:
  Version:          1.2.10
  GitCommit:        b34a5c8af56e510852c35414db4c1f4fa6172339
 runc:
  Version:          1.0.0-rc8+dev
  GitCommit:        3e425f80a8c931f88e6d94a8c831b9d5aa481657
 docker-init:
  Version:          0.18.0
  GitCommit:        fec3683

=========================================================================================================================================

1. 선 작업 수행(시스템 패키지 업데이트, k8s 사용자 생성)
 > k8s 클러스터에 참여하는 모든 노드에서 시스템 패키지 업데이트를 수행한다.

root@k8s:~# apt-get update && apt-get install -y apt-transport-https curl
Hit:1 https://download.docker.com/linux/ubuntu bionic InRelease
Hit:2 http://kr.archive.ubuntu.com/ubuntu bionic InRelease
Hit:3 http://kr.archive.ubuntu.com/ubuntu bionic-updates InRelease
Hit:4 http://kr.archive.ubuntu.com/ubuntu bionic-backports InRelease
Hit:5 http://kr.archive.ubuntu.com/ubuntu bionic-security InRelease
Reading package lists... Done
Reading package lists... Done
									  .
									  .
								   (이하 생력)
								   
root@k8s:~# curl -s https://packages.cloud.google.com/apt/doc/apt-key.gpg | apt-key add -
OK
root@k8s:~# cat <<eof>/etc/apt/sources.list.d/kubernetes.list
deb http://apt.kubernetes.io/ kubernetes-xenial main
EOF

root@k8s:~# apt-get update
Hit:1 https://download.docker.com/linux/ubuntu bionic InRelease
Hit:2 http://kr.archive.ubuntu.com/ubuntu bionic InRelease
Hit:3 http://kr.archive.ubuntu.com/ubuntu bionic-updates InRelease
Hit:4 http://kr.archive.ubuntu.com/ubuntu bionic-backports InRelease
Hit:5 http://kr.archive.ubuntu.com/ubuntu bionic-security InRelease
Reading package lists... Done

그 다음 쿠버네티스 클러스터 구성을 위해 필요한 kubeadm, kubelel, kubectl 을 설치해준다.
root@k8s:~# apt-get install -y kubelet kubeadm kubectl             // 3개의 패키지가 없다는 문제가 발생했다. 금일 여기까지 수행되었으며, 이후 문제해결 및 다음 과정을 정리하겠다.
Reading package lists... Done
Building dependency tree
Reading state information... Done

No apt package "kubeadm", but there is a snap with that name.
Try "snap install kubeadm"


No apt package "kubectl", but there is a snap with that name.
Try "snap install kubectl"


No apt package "kubelet", but there is a snap with that name.
Try "snap install kubelet"

E: Unable to locate package kubelet
E: Unable to locate package kubeadm
E: Unable to locate package kubectl

